Freq:10000000.0
mag:[[-23.122326, -0.24662626, -27.496071, -29.835403], [-0.34847134, -22.947002, -30.281364, -26.569225], [-27.383177, -30.125217, -22.500895, 0.047505662], [-30.164434, -26.769268, -0.37523398, -22.493788]]
phase:[[36.013466, -24.950937, 46.733601, -143.24782], [-24.846844, 40.864235, -143.57756, 54.162796], [46.972427, -144.07138, 28.966099, -24.731888], [-143.4171, 54.045994, -24.63401, 39.715282]]
real:[[2.649753755929116, -0.24256163266993894, 25.42834505262734, -8.969449061166511], [-0.33432654118960026, 22.94064959244697, -17.964522122944985, 19.33647981522345], [27.06967854731438, -27.23164217335451, 17.328417407737383, 0.043739811967729615], [-13.785543548048555, 21.48878691814848, -0.3295267801999398, 9.690217548455191]]
imag:[[22.969997054488612, -0.04459110312698286, -10.461031895638394, -28.455232483878042], [-0.09827532069443543, 0.539904681000916, -24.376975829555157, 18.22153301607966], [-4.131692868352723, -12.882793324410246, 14.353265340829209, 0.018536902952918016], [-26.830055304177307, 15.963262387188744, -0.17947880342174385, -20.29951187719929]]Freq:20000000.0
mag:[[-20.874895, -0.5447979, -25.530268, -24.402229], [-0.63526118, -19.019648, -24.911583, -22.001234], [-25.365179, -24.691278, -21.223883, -0.22554953], [-24.788811, -22.178652, -0.65307325, -18.577967]]
phase:[[13.783949, -48.607666, 21.578508, -179.02881], [-48.530613, 23.887505, -178.94879, 35.949936], [22.968904, -179.43704, 7.5129418, -48.436317], [-179.53233, 35.804497, -48.304062, 23.105022]]
real:[[-7.221020151837256, 0.04734857372506751, 23.38738671161818, 24.380738839907284], [0.10376227767218207, -6.083234955524087, 24.72644734538647, 3.90378975510936], [14.176224553095992, 23.05359720838193, -7.098693144673561, 0.05762884205173635], [22.195005516121643, 7.057001534357745, 0.24866783122504313, 8.196390375148615]]
imag:[[-19.586171377474088, -0.5427364594447399, -10.238394744931911, 1.0238914926286287], [-0.6267297316605248, 18.020578861950963, 3.0314632179393746, 21.652129758309208], [21.033947872956215, -8.842559868441318, -20.00154407128244, -0.21806308043086275], [-11.039333355463578, 21.02596808428036, -0.6038782820895251, 16.67213371681202]]